ARM Linker, 5.03 [Build 76] [MDK-ARM Lite]

==============================================================================

Section Cross References



==============================================================================

Removing Unused input sections from the image.

    Removing lab2.o(lab2), (4 bytes).
    Removing prog1.o(lab2), (4 bytes).

2 unused section(s) (total 8 bytes) removed from the image.

==============================================================================

Image Symbol Table

    Local Symbols

    Symbol Name                              Value     Ov Type        Size  Object(Section)

    prog1                                    0x00000000   Section       12  lab2.o(prog1)
    lab2.s                                   0x00000000   Number         0  lab2.o ABSOLUTE
    prog1.s                                  0x00000000   Number         0  prog1.o ABSOLUTE
    prog2.s                                  0x00000000   Number         0  prog2.o ABSOLUTE
    prog1                                    0x0000000c   Section       12  prog1.o(prog1)
    prog2                                    0x00000018   Section       16  prog2.o(prog2)

    Global Symbols

    Symbol Name                              Value     Ov Type        Size  Object(Section)

    BuildAttributes$$THM_ISAv1$ARM_ISAv4$S$PE$A:L22$X:L11$S22$IEEE1$IW$USESV6$~STKCKD$USESV7$~SHL$OSPACE$EBA8$STANDARDLIB$PRES8$EABIv2 0x00000000   Number         0  anon$$obj.o ABSOLUTE



==============================================================================

Memory Map of the image

  Image Entry point : 0x00000000

  Load Region LR_1 (Base: 0x00000000, Size: 0x00000028, Max: 0xffffffff, ABSOLUTE)

    Execution Region ER_RO (Base: 0x00000000, Size: 0x00000028, Max: 0xffffffff, ABSOLUTE)

    Base Addr    Size         Type   Attr      Idx    E Section Name        Object

    0x00000000   0x0000000c   Code   RO            1  * prog1               lab2.o
    0x0000000c   0x0000000c   Code   RO            7  * prog1               prog1.o
    0x00000018   0x00000010   Code   RO           11  * prog2               prog2.o


    Execution Region ER_RW (Base: 0x00000000, Size: 0x00000000, Max: 0xffffffff, ABSOLUTE)

    **** No section assigned to this execution region ****


    Execution Region ER_ZI (Base: 0x00000000, Size: 0x00000000, Max: 0xffffffff, ABSOLUTE)

    **** No section assigned to this execution region ****


==============================================================================

Image component sizes


      Code (inc. data)   RO Data    RW Data    ZI Data      Debug   Object Name

        12          4          0          0          0        196   lab2.o
        12          4          0          0          0        168   prog1.o
        16          8          0          0          0        168   prog2.o

    ----------------------------------------------------------------------
        40         16          0          0          0        532   Object Totals
         0          0          0          0          0          0   (incl. Generated)
         0          0          0          0          0          0   (incl. Padding)

    ----------------------------------------------------------------------
         0          0          0          0          0          0   Library Totals
         0          0          0          0          0          0   (incl. Padding)

    ----------------------------------------------------------------------

==============================================================================


      Code (inc. data)   RO Data    RW Data    ZI Data      Debug   

        40         16          0          0          0        532   Grand Totals
        40         16          0          0          0        532   ELF Image Totals
        40         16          0          0          0          0   ROM Totals

==============================================================================

    Total RO  Size (Code + RO Data)                   40 (   0.04kB)
    Total RW  Size (RW Data + ZI Data)                 0 (   0.00kB)
    Total ROM Size (Code + RO Data + RW Data)         40 (   0.04kB)

==============================================================================

