ARM Linker, 5.03 [Build 76] [MDK-ARM Lite]

==============================================================================

Section Cross References



==============================================================================

Image Symbol Table

    Local Symbols

    Symbol Name                              Value     Ov Type        Size  Object(Section)

    prog1                                    0x00000000   Section      120  prog1.o(prog1)
    prog1.s                                  0x00000000   Number         0  prog1.o ABSOLUTE
    prog2.s                                  0x00000000   Number         0  prog2.o ABSOLUTE
    prog2                                    0x00000078   Section      180  prog2.o(prog2)
    STRING                                   0x00000108   Data          24  prog2.o(prog2)
    EoS                                      0x00000120   Data           1  prog2.o(prog2)

    Global Symbols

    Symbol Name                              Value     Ov Type        Size  Object(Section)

    BuildAttributes$$THM_ISAv1$ARM_ISAv4$S$PE$A:L22$X:L11$S22$IEEE1$IW$USESV6$~STKCKD$USESV7$~SHL$OSPACE$EBA8$STANDARDLIB$PRES8$EABIv2 0x00000000   Number         0  anon$$obj.o ABSOLUTE



==============================================================================

Memory Map of the image

  Image Entry point : 0x00000000

  Load Region LR_1 (Base: 0x00000000, Size: 0x0000012c, Max: 0xffffffff, ABSOLUTE)

    Execution Region ER_RO (Base: 0x00000000, Size: 0x0000012c, Max: 0xffffffff, ABSOLUTE)

    Base Addr    Size         Type   Attr      Idx    E Section Name        Object

    0x00000000   0x00000078   Code   RO            1  * prog1               prog1.o
    0x00000078   0x000000b4   Code   RO            6  * prog2               prog2.o


    Execution Region ER_RW (Base: 0x00000000, Size: 0x00000000, Max: 0xffffffff, ABSOLUTE)

    **** No section assigned to this execution region ****


    Execution Region ER_ZI (Base: 0x00000000, Size: 0x00000000, Max: 0xffffffff, ABSOLUTE)

    **** No section assigned to this execution region ****


==============================================================================

Image component sizes


      Code (inc. data)   RO Data    RW Data    ZI Data      Debug   Object Name

       120         12          0          0          0        240   prog1.o
       180         36          0          0          0        216   prog2.o

    ----------------------------------------------------------------------
       300         48          0          0          0        456   Object Totals
         0          0          0          0          0          0   (incl. Generated)
         0          0          0          0          0          0   (incl. Padding)

    ----------------------------------------------------------------------
         0          0          0          0          0          0   Library Totals
         0          0          0          0          0          0   (incl. Padding)

    ----------------------------------------------------------------------

==============================================================================


      Code (inc. data)   RO Data    RW Data    ZI Data      Debug   

       300         48          0          0          0        456   Grand Totals
       300         48          0          0          0        456   ELF Image Totals
       300         48          0          0          0          0   ROM Totals

==============================================================================

    Total RO  Size (Code + RO Data)                  300 (   0.29kB)
    Total RW  Size (RW Data + ZI Data)                 0 (   0.00kB)
    Total ROM Size (Code + RO Data + RW Data)        300 (   0.29kB)

==============================================================================

