<html>
<body>
<pre>
<h1>µVision Build Log</h1>
<h2>Project:</h2>
C:\Users\Vivian A. Lam\Desktop\cs2208 ass 3\assignment3\assignment3.uvproj
Project File Date:  03/03/2016

<h2>Output:</h2>
Build target 'Target 1'
linking...
Program Size: Code=300 RO-data=0 RW-data=0 ZI-data=0  
".\assignment3.axf" - 0 Error(s), 0 Warning(s).
ror(s), 0 Warning(s).
s).
Target not created
rnal
".\assignment3.axf" - 2 Error(s), 0 Warning(s).
Target not created
dding at address 0xa9
".\assignment3.axf" - 2 Error(s), 1 Warning(s).
Target not created
