ARM Linker, 5.03 [Build 76] [MDK-ARM Lite]

==============================================================================

Section Cross References



==============================================================================

Image Symbol Table

    Local Symbols

    Symbol Name                              Value     Ov Type        Size  Object(Section)

    Lab5                                     0x00000000   Section      304  lab.o(Lab5)
    lab.s                                    0x00000000   Number         0  lab.o ABSOLUTE
    lab5.s                                   0x00000000   Number         0  lab5.o ABSOLUTE
    lab5                                     0x00000130   Section      169  lab5.o(lab5)

    Global Symbols

    Symbol Name                              Value     Ov Type        Size  Object(Section)

    BuildAttributes$$THM_ISAv1$ARM_ISAv4$S$PE$A:L22$X:L11$S22$IEEE1$IW$USESV6$~STKCKD$USESV7$~SHL$OSPACE$EBA8$STANDARDLIB$PRES8$EABIv2 0x00000000   Number         0  anon$$obj.o ABSOLUTE



==============================================================================

Memory Map of the image

  Image Entry point : 0x00000000

  Load Region LR_1 (Base: 0x00000000, Size: 0x000001dc, Max: 0xffffffff, ABSOLUTE)

    Execution Region ER_RO (Base: 0x00000000, Size: 0x000001dc, Max: 0xffffffff, ABSOLUTE)

    Base Addr    Size         Type   Attr      Idx    E Section Name        Object

    0x00000000   0x00000130   Code   RO            6  * Lab5                lab.o
    0x00000130   0x000000a9   Code   RO            1  * lab5                lab5.o


    Execution Region ER_RW (Base: 0x00000000, Size: 0x00000000, Max: 0xffffffff, ABSOLUTE)

    **** No section assigned to this execution region ****


    Execution Region ER_ZI (Base: 0x00000000, Size: 0x00000000, Max: 0xffffffff, ABSOLUTE)

    **** No section assigned to this execution region ****


==============================================================================

Image component sizes


      Code (inc. data)   RO Data    RW Data    ZI Data      Debug   Object Name

       304        184          0          0          0        192   lab.o
       169         53          0          0          0        224   lab5.o

    ----------------------------------------------------------------------
       476        240          0          0          0        416   Object Totals
         0          0          0          0          0          0   (incl. Generated)
         3          3          0          0          0          0   (incl. Padding)

    ----------------------------------------------------------------------
         0          0          0          0          0          0   Library Totals
         0          0          0          0          0          0   (incl. Padding)

    ----------------------------------------------------------------------

==============================================================================


      Code (inc. data)   RO Data    RW Data    ZI Data      Debug   

       476        240          0          0          0        416   Grand Totals
       476        240          0          0          0        416   ELF Image Totals
       476        240          0          0          0          0   ROM Totals

==============================================================================

    Total RO  Size (Code + RO Data)                  476 (   0.46kB)
    Total RW  Size (RW Data + ZI Data)                 0 (   0.00kB)
    Total ROM Size (Code + RO Data + RW Data)        476 (   0.46kB)

==============================================================================

